[dotenv@17.2.0] injecting env (9) from .env (tip: ⚙️  specify custom .env file path with { path: '/custom/path/.env' })
[dotenv@17.2.0] injecting env (0) from .env (tip: 🔐 prevent building .env in docker: https://dotenvx.com/prebuild)
🚀 Serveur lancé sur http://localhost:5000
📡 WebSocket actif sur ws://localhost:5000
[AUDIT] Erreur enregistrement log: la relation « audit_logs » n'existe pas
[AUDIT] Erreur enregistrement log: la relation « audit_logs » n'existe pas
[WS] Client connecté : 0Zh1YKPvfH-lNCkXAAAC
[WS] 0Zh1YKPvfH-lNCkXAAAC a rejoint la room "admin"
[WS] Client déconnecté : 0Zh1YKPvfH-lNCkXAAAC
[AUDIT] Erreur enregistrement log: la relation « audit_logs » n'existe pas
[WS] Client connecté : LQvNrWAj4xWYRaGqAAAE
[WS] LQvNrWAj4xWYRaGqAAAE a rejoint la room "admin"
[WS] Client déconnecté : LQvNrWAj4xWYRaGqAAAE
[WS] Client connecté : s79Fs_9xQtc6wllYAAAH
[WS] s79Fs_9xQtc6wllYAAAH a rejoint la room "admin"
[AUDIT] Erreur enregistrement log: la relation « audit_logs » n'existe pas
{
  nom: 'sqd',
  prenom: 'qsdsqd',
  cin: '222222222222',
  nomAgent: 'admin Admin',
  motif: 'depot de dossier',
  nomService: 'Informatique'
}
[AUDIT] Erreur enregistrement log: la relation « audit_logs » n'existe pas
[AUDIT] Erreur enregistrement log: la relation « audit_logs » n'existe pas
[WS] Client déconnecté : s79Fs_9xQtc6wllYAAAH
[WS] Client connecté : lmKgcTb2xIvPSwmcAAAK
[WS] lmKgcTb2xIvPSwmcAAAK a rejoint la room "admin"
[WS] Client déconnecté : lmKgcTb2xIvPSwmcAAAK
